controller.verbose,false,verbose
controller.dev_mode,false,testmode
controller.demo_mode,false,demo
controller.security,false,security
controller.security.level,normal,
controller.user_password_sha256,false,ngrinder.security.sha256
controller.usage_report,true,usage.report
controller.plugin_support,true,pluginsupport
controller.user_security,false,user.security
controller.allow_sign_up,false,
controller.max_agent_per_test,10,agent.max.size
controller.max_vuser_per_agent,3000,agent.max.vuser
controller.max_run_count,10000,agent.max.runcount
controller.max_run_hour,8,agent.max.runhour
controller.max_concurrent_test,10,ngrinder.max.concurrenttest
controller.monitor_port,13243,monitor.listen.port
controller.url,,ngrinder.http.url,http.url
controller.console_port_base,12000,ngrinder.console.portbase
controller.controller_port,16001,ngrinder.agent.control.port
controller.ip,,ngrinder.controller.ipaddress,ngrinder.controller.ip
controller.validation_timeout,100,ngrinder.validation.timeout
controller.enable_agent_auto_approval,true,
controller.enable_script_console,false,
controller.validation_syntax_check,false,
controller.dist_logback,false,ngrinder.dist.logback
controller.safe_dist,false,ngrinder.dist.safe
controller.safe_dist_threshold,1000000,ngrinder.dist.safe.threshold,ngrinder.dist.safe.threashhold
controller.max_connection_waiting_millisecond,5000,ngrinder.max.waitingmilliseconds
controller.front_page_enabled,true,
controller.front_page_resources_rss,https://github.com/naver/ngrinder/wiki.atom
controller.front_page_resources_more_url,https://github.com/naver/ngrinder/wiki,
controller.front_page_qna_rss,,ngrinder.qna.rss
controller.front_page_qna_more_url,,ngrinder.more.question.url
controller.front_page_ask_question_url,,ngrinder.ask.question.url
controller.help_url,https://github.com/naver/ngrinder/wiki/user-guide,ngrinder.help.url
controller.default_lang,en,ngrinder.langauge.default
controller.admin_password_reset,false,
controller.agent_force_update,false,
controller.update_chunk_size,1048576,
controller.inactive_client_time_out,30000
controller.enable_statistics,false
controller.csv_separator,comma,